// Jest Snapshot v1, https://goo.gl/fbAQLP

exports[`CarInfo renders the car information 1`] = `<DocumentFragment />`;
