// Jest Snapshot v1, https://goo.gl/fbAQLP

exports[`Header renders the header 1`] = `
<DocumentFragment>
  <header
    class="mx-auto max-w-screen-2xl w-11/12 md:flex md:justify-between md:pt-5 md:pb-5"
  >
    <div
      class="text-3xl font-bold md:flex md:justify-center md:items-center"
    >
      <div
        class="text-center mt-4 md:mt-0"
      >
        <a
          href="/"
        >
          Car Trader
        </a>
      </div>
    </div>
    <ul
      class="mt-4 mb-4 flex justify-center items-center"
    >
       
      <li
        class="mr-4 md:mr-10"
      >
        <a
          class="font-bold hover:underline"
          href="/login"
        >
          Login
        </a>
      </li>
      <li>
        <a
          class="font-bold hover:underline"
          href="/register"
        >
          Register
        </a>
      </li>
    </ul>
  </header>
</DocumentFragment>
`;
